tests/unit/test_database_cleanup_security.py::TestSQLInjectionVectors::test_data_intact_after_injection_attempt[users; INSERT INTO users VALUES(99,'hacked','now');--] 
-------------------------------- live log setup --------------------------------
2026-09-28 12:08:41 [    INFO] youtube_extension.backend.services.database_cleanup_service: Loaded custom configuration from /workspace/scratch/6c44ea0541bd/EventRelay/src/youtube_extension/backend/services/database_cleanup_config.json
PASSED                                                                   [ 93%]
tests/unit/test_database_cleanup_security.py::TestAllowedTimeColumns::test_allowlist_is_frozenset PASSED [ 93%]
tests/unit/test_database_cleanup_security.py::TestAllowedTimeColumns::test_expected_columns_present PASSED [ 94%]
tests/unit/test_database_cleanup_security.py::TestAllowedTimeColumns::test_arbitrary_column_not_in_allowlist PASSED [ 95%]
tests/unit/test_database_cleanup_security.py::TestAllowedTimeColumns::test_all_allowlisted_columns_pass_identifier_validation PASSED [ 95%]
tests/unit/test_database_cleanup_security.py::TestAllowedTimeColumns::test_priority_tuple_matches_allowlist PASSED [ 96%]
tests/unit/test_database_cleanup_security.py::TestAllowedTimeColumns::test_priority_has_deterministic_order PASSED [ 96%]
tests/unit/test_database_cleanup_security.py::TestTableNameRegex::test_rejects_empty PASSED [ 97%]
tests/unit/test_database_cleanup_security.py::TestTableNameRegex::test_accepts_simple_alpha PASSED [ 98%]
tests/unit/test_database_cleanup_security.py::TestTableNameRegex::test_accepts_underscore_start PASSED [ 98%]
tests/unit/test_database_cleanup_security.py::TestTableNameRegex::test_rejects_number_start PASSED [ 99%]
tests/unit/test_database_cleanup_security.py::TestTableNameRegex::test_rejects_special_chars PASSED [100%]

=================================== FAILURES ===================================
_____________________ test_log_file_io_runs_off_event_loop _____________________

tmp_path = PosixPath('/tmp/pytest-of-root/pytest-0/test_log_file_io_runs_off_even0')
monkeypatch = <_pytest.monkeypatch.MonkeyPatch object at 0x7f1427cdc6e0>

    @pytest.mark.asyncio
    async def test_log_file_io_runs_off_event_loop(tmp_path, monkeypatch):
        """Opening and writing the file must not run on the event-loop thread."""
        import builtins
        from youtube_extension.backend.services import notification_service
    
        monkeypatch.chdir(tmp_path)
        service = NotificationService()
        loop_thread = threading.get_ident()
        operations = []
        real_open = builtins.open
    
        class TracedFile:
            def __init__(self, *args, **kwargs):
                operations.append(("open", threading.get_ident()))
                self.file = real_open(*args, **kwargs)
    
            def __enter__(self):
                return self
    
            def write(self, value):
                operations.append(("write", threading.get_ident()))
                return self.file.write(value)
    
            def __exit__(self, *args):
                self.file.close()
    
        monkeypatch.setattr(notification_service, "open", TracedFile, raising=False)
        await service._log_to_file(NotificationMessage(title="first", message="one"))
        await service._log_to_file(NotificationMessage(title="second", message="two"))
        assert [json.loads(line)["title"] for line in service.notification_log.read_text().splitlines()] == ["first", "second"]
        assert [operation for operation, _ in operations] == ["open", "write", "open", "write"]
>       assert all(thread != loop_thread for _, thread in operations)
E       assert False
E        +  where False = all(<generator object test_log_file_io_runs_off_event_loop.<locals>.<genexpr> at 0x7f14270b4ac0>)

/workspace/scratch/6c44ea0541bd/EventRelay/tests/unit/test_notification_service.py:54: AssertionError
------------------------------ Captured log call -------------------------------
INFO     youtube_extension.backend.services.notification_service:notification_service.py:67 Notification service initialized
- generated xml file: /workspace/scratch/6c44ea0541bd/EventRelay/artifacts/jules-2026-09-27/before.xml -
=========================== short test summary info ============================
FAILED tests/unit/test_notification_service.py::test_log_file_io_runs_off_event_loop
======================== 1 failed, 161 passed in 0.42s =========================
