npm warn Unknown env config "http-proxy". This will stop working in the next major version of npm.

> uvai-chatbot-foundation@3.1.0 test:video-guide
> node --experimental-strip-types --test tests/video-guide.test.mjs

(node:65) [MODULE_TYPELESS_PACKAGE_JSON] Warning: Module type of file:///workspace/scratch/7f152f7572d2/eventrelay/templates/uvai-chatbot/lib/uvai/video-guide.ts is not specified and it doesn't parse as CommonJS.
Reparsing as ES module because module syntax was detected. This incurs a performance overhead.
To eliminate this warning, add "type": "module" to /workspace/scratch/7f152f7572d2/eventrelay/templates/uvai-chatbot/package.json.
(Use `node --trace-warnings ...` to show where the warning was created)
✔ source validation rejects arbitrary hosts, credentials, ports and malformed ids (1.144317ms)
✔ pack source mismatch cannot be used for guide grounding (0.440632ms)
✔ untimed audio fails rather than inventing citations (0.276154ms)
✔ frame references alone never establish visual processing (0.263005ms)
✔ visual observations retain provenance and sparse coverage disclaimer (0.209124ms)
✔ invented and absent citations fail closed (0.45345ms)
✔ downloads contain timestamp links and escape source/model Markdown injection (0.456696ms)
✔ reuse identity is isolated by user, source and requested outcome (0.450146ms)
✔ source player timestamps use only validated fixed-origin URLs (0.467251ms)
ℹ tests 9
ℹ suites 0
ℹ pass 9
ℹ fail 0
ℹ cancelled 0
ℹ skipped 0
ℹ todo 0
ℹ duration_ms 126.429605
